15:25:57 **** Incremental Build of configuration Default for project Centennial 1.0 ****
make all 
CC -I../include -I../src auto.c
auto.c: In function 'armbotRed':
auto.c:541:6: warning: unused variable 'pot' [-Wunused-variable]
auto.c:539:6: warning: unused variable 'floorHeight' [-Wunused-variable]
auto.c:537:6: warning: unused variable 'wallHeight' [-Wunused-variable]
CC -I../include -I../src init.c
CC -I../include -I../src opcontrol.c
opcontrol.c: In function 'operatorControl':
opcontrol.c:135:8: warning: unused variable 'armSpeed' [-Wunused-variable]
opcontrol.c:134:8: warning: unused variable 'driveSpeed' [-Wunused-variable]
LN ./bin/auto.o ./bin/init.o ./bin/opcontrol.o ./firmware/libccos.a -lgcc -lm to bin/output.elf
   text	   data	    bss	    dec	    hex	filename
  19632	      0	   4224	  23856	   5d30	./bin/output.elf
arm-none-eabi-objcopy ./bin/output.elf -O binary ./bin/output.bin

15:25:58 Build Finished (took 1s.586ms)

