14:25:26 **** Build of configuration Default for project Centennial 1.0 ****
make all 
CC -I../include -I../src auto.c
auto.c: In function 'armbotRed':
auto.c:521:6: warning: unused variable 'pot' [-Wunused-variable]
auto.c:519:6: warning: unused variable 'floorHeight' [-Wunused-variable]
auto.c:517:6: warning: unused variable 'wallHeight' [-Wunused-variable]
CC -I../include -I../src init.c
CC -I../include -I../src opcontrol.c
LN ./bin/auto.o ./bin/init.o ./bin/opcontrol.o ./firmware/libccos.a -lgcc -lm to bin/output.elf
   text	   data	    bss	    dec	    hex	filename
  19620	      0	   4232	  23852	   5d2c	./bin/output.elf
arm-none-eabi-objcopy ./bin/output.elf -O binary ./bin/output.bin
14:31:06 **** Incremental Build of configuration Default for project Centennial 1.0 ****
make all 
CC -I../include -I../src auto.c
auto.c: In function 'armbotRed':
auto.c:521:6: warning: unused variable 'pot' [-Wunused-variable]
auto.c:519:6: warning: unused variable 'floorHeight' [-Wunused-variable]
auto.c:517:6: warning: unused variable 'wallHeight' [-Wunused-variable]
LN ./bin/auto.o ./bin/init.o ./bin/opcontrol.o ./firmware/libccos.a -lgcc -lm to bin/output.elf
   text	   data	    bss	    dec	    hex	filename
  19620	      0	   4232	  23852	   5d2c	./bin/output.elf
arm-none-eabi-objcopy ./bin/output.elf -O binary ./bin/output.bin
14:41:16 **** Incremental Build of configuration Default for project Centennial 1.0 ****
make all 
CC -I../include -I../src opcontrol.c
LN ./bin/auto.o ./bin/init.o ./bin/opcontrol.o ./firmware/libccos.a -lgcc -lm to bin/output.elf
   text	   data	    bss	    dec	    hex	filename
  19620	      0	   4224	  23844	   5d24	./bin/output.elf
arm-none-eabi-objcopy ./bin/output.elf -O binary ./bin/output.bin
14:51:03 **** Incremental Build of configuration Default for project Centennial 1.0 ****
make all 
CC -I../include -I../src auto.c
auto.c: In function 'armbotRed':
auto.c:531:6: warning: unused variable 'pot' [-Wunused-variable]
auto.c:529:6: warning: unused variable 'floorHeight' [-Wunused-variable]
auto.c:527:6: warning: unused variable 'wallHeight' [-Wunused-variable]
CC -I../include -I../src opcontrol.c
LN ./bin/auto.o ./bin/init.o ./bin/opcontrol.o ./firmware/libccos.a -lgcc -lm to bin/output.elf
   text	   data	    bss	    dec	    hex	filename
  19564	      0	   4224	  23788	   5cec	./bin/output.elf
arm-none-eabi-objcopy ./bin/output.elf -O binary ./bin/output.bin
15:25:34 **** Incremental Build of configuration Default for project Centennial 1.0 ****
make all 
CC -I../include -I../src auto.c
auto.c: In function 'autonomous':
auto.c:114:3: error: implicit declaration of function 'stackEm' [-Werror=implicit-function-declaration]
auto.c: At top level:
auto.c:160:6: warning: conflicting types for 'stackEm' [enabled by default]
auto.c:114:3: note: previous implicit declaration of 'stackEm' was here
auto.c: In function 'armbotRed':
auto.c:541:6: warning: unused variable 'pot' [-Wunused-variable]
auto.c:539:6: warning: unused variable 'floorHeight' [-Wunused-variable]
auto.c:537:6: warning: unused variable 'wallHeight' [-Wunused-variable]
cc1: some warnings being treated as errors
make[1]: *** [../bin/auto.o] Error 1
make: *** [src] Error 2
15:25:57 **** Incremental Build of configuration Default for project Centennial 1.0 ****
make all 
CC -I../include -I../src auto.c
auto.c: In function 'armbotRed':
auto.c:541:6: warning: unused variable 'pot' [-Wunused-variable]
auto.c:539:6: warning: unused variable 'floorHeight' [-Wunused-variable]
auto.c:537:6: warning: unused variable 'wallHeight' [-Wunused-variable]
CC -I../include -I../src init.c
CC -I../include -I../src opcontrol.c
opcontrol.c: In function 'operatorControl':
opcontrol.c:135:8: warning: unused variable 'armSpeed' [-Wunused-variable]
opcontrol.c:134:8: warning: unused variable 'driveSpeed' [-Wunused-variable]
LN ./bin/auto.o ./bin/init.o ./bin/opcontrol.o ./firmware/libccos.a -lgcc -lm to bin/output.elf
   text	   data	    bss	    dec	    hex	filename
  19632	      0	   4224	  23856	   5d30	./bin/output.elf
arm-none-eabi-objcopy ./bin/output.elf -O binary ./bin/output.bin
